[edumon-nextjs.vercel.app/index04b9.html]
[edumon-nextjs.vercel.app/assets/img/logo.svg]
[edumon-nextjs.vercel.app/assets/img/mcart/1.jpg]
[edumon-nextjs.vercel.app/assets/img/mcart/2.jpg]
[edumon-nextjs.vercel.app/assets/img/mcart/3.jpg]
[edumon-nextjs.vercel.app/assets/img/rev-img.png]
[edumon-nextjs.vercel.app/assets/img/banner.png]
[edumon-nextjs.vercel.app/assets/img/about.png]
[edumon-nextjs.vercel.app/assets/img/courses/1.jpg]
[edumon-nextjs.vercel.app/assets/img/review/1.jpg]
[edumon-nextjs.vercel.app/assets/img/courses/2.jpg]
[edumon-nextjs.vercel.app/_next/static/css/ffe5a17846037bf2.css]
[edumon-nextjs.vercel.app/_next/static/css/52de1ae6d3f573f2.css]
[edumon-nextjs.vercel.app/_next/static/css/c5734cd41e690c0a.css]
[edumon-nextjs.vercel.app/_next/static/css/40e2063ffc9166b8.css]
[edumon-nextjs.vercel.app/_next/static/css/84d6d05f95d6292c.css]
[edumon-nextjs.vercel.app/_next/static/css/59831310a7795ea0.css]
[edumon-nextjs.vercel.app/_next/static/css/cc6cbf47a7d40733.css]
[edumon-nextjs.vercel.app/_next/static/css/455380e8d74e6160.css]
[edumon-nextjs.vercel.app/_next/static/css/eca7b47e9a0364e6.css]
[edumon-nextjs.vercel.app/_next/static/css/53aa407c9ba667df.css]
[edumon-nextjs.vercel.app/_next/static/css/3f1d1fd199a1839b.css]
[edumon-nextjs.vercel.app/_next/static/chunks/webpack-fee6e48baaaf45aa.js]
[edumon-nextjs.vercel.app/_next/static/chunks/fd9d1056-403db3361faf6966.js]
[edumon-nextjs.vercel.app/_next/static/chunks/117-479bc60e2461a489.js]
[edumon-nextjs.vercel.app/_next/static/chunks/main-app-2dcde4753ea0d175.js]
[edumon-nextjs.vercel.app/_next/static/chunks/648-fec6e99eb7febaed.js]
[edumon-nextjs.vercel.app/_next/static/chunks/662-c7b0cf050b793811.js]
[edumon-nextjs.vercel.app/_next/static/chunks/741-43901d672ee1d1f2.js]
[edumon-nextjs.vercel.app/_next/static/chunks/282-07a94787a4e17c65.js]
[edumon-nextjs.vercel.app/_next/static/chunks/83-69442f8a193c72a0.js]
[edumon-nextjs.vercel.app/_next/static/chunks/525-0d8e7bdee065cffd.js]
[edumon-nextjs.vercel.app/_next/static/chunks/25-c308fcc66b92ad30.js]
[edumon-nextjs.vercel.app/_next/static/chunks/291-cbbe864fb098aa7f.js]
[edumon-nextjs.vercel.app/_next/static/chunks/app/page-7807df1d305123fe.js]
[edumon-nextjs.vercel.app/assets/img/courses/3.jpg]
[edumon-nextjs.vercel.app/assets/img/courses/4.jpg]
[edumon-nextjs.vercel.app/assets/img/instructor/1.png]
[edumon-nextjs.vercel.app/assets/img/instructor/2.png]
[edumon-nextjs.vercel.app/assets/img/instructor/3.png]
[edumon-nextjs.vercel.app/assets/img/instructor/4.png]
[edumon-nextjs.vercel.app/assets/img/bg/video.png]
[edumon-nextjs.vercel.app/assets/img/review/3.jpg]
[edumon-nextjs.vercel.app/assets/img/review/2.jpg]
[edumon-nextjs.vercel.app/assets/img/partners/1.svg]
[edumon-nextjs.vercel.app/assets/img/partners/2.svg]
[edumon-nextjs.vercel.app/assets/img/partners/3.svg]
[edumon-nextjs.vercel.app/assets/img/partners/4.svg]
[edumon-nextjs.vercel.app/assets/img/partners/5.svg]
[edumon-nextjs.vercel.app/assets/img/blog/1.jpg]
[edumon-nextjs.vercel.app/assets/img/blog/2.jpg]
[edumon-nextjs.vercel.app/assets/img/blog/3.jpg]
[backblue.gif]
[fade.gif]
[index.html]
[edumon-nextjs.vercel.app/assets/img/footer-logo.svg]
[edumon-nextjs.vercel.app/favicon.ico]
[edumon-nextjs.vercel.app/_next/static/chunks/polyfills-42372ed130431b0a.js]
[edumon-nextjs.vercel.app/index.html]
[edumon-nextjs.vercel.app/home-2.html]
[edumon-nextjs.vercel.app/courses.html]
[edumon-nextjs.vercel.app/courses-2.html]
[edumon-nextjs.vercel.app/course-details.html]
[edumon-nextjs.vercel.app/grid-blog.html]
[edumon-nextjs.vercel.app/standard-blog.html]
[edumon-nextjs.vercel.app/blog-details.html]
[edumon-nextjs.vercel.app/cart.html]
[edumon-nextjs.vercel.app/checkout.html]
[edumon-nextjs.vercel.app/login.html]
[edumon-nextjs.vercel.app/register.html]
[edumon-nextjs.vercel.app/about.html]
[edumon-nextjs.vercel.app/instructors.html]
[edumon-nextjs.vercel.app/erorr.html]
[edumon-nextjs.vercel.app/contact.html]
[edumon-nextjs.vercel.app/course-details-2.html]
[edumon-nextjs.vercel.app/cart-2.html]
[edumon-nextjs.vercel.app/assets/img/bg/working.png]
[edumon-nextjs.vercel.app/index04b9.html]
[edumon-nextjs.vercel.app/assets/img/logo.svg]
[edumon-nextjs.vercel.app/_next/static/css/ffe5a17846037bf2.css]
[edumon-nextjs.vercel.app/checkout-2.html]
[edumon-nextjs.vercel.app/_next/static/media/boxicons.043adf59.woff2]
[edumon-nextjs.vercel.app/_next/static/media/back.a7c50790.png]
[edumon-nextjs.vercel.app/_next/static/css/52de1ae6d3f573f2.css]
[edumon-nextjs.vercel.app/_next/static/css/c5734cd41e690c0a.css]
[edumon-nextjs.vercel.app/_next/static/media/la-brands-400.48e89963.eot]
[edumon-nextjs.vercel.app/_next/static/media/la-brands-400.48e89963d41d.eot]
[edumon-nextjs.vercel.app/_next/static/media/la-brands-400.122c4137.woff2]
[edumon-nextjs.vercel.app/_next/static/media/la-brands-400.1ec1f0f5.woff]
[edumon-nextjs.vercel.app/_next/static/media/la-brands-400.4343d0c0.ttf]
[edumon-nextjs.vercel.app/_next/static/media/la-regular-400.7b67c533.eot]
[edumon-nextjs.vercel.app/_next/static/media/la-brands-400.76d3b8a5.svg]
[edumon-nextjs.vercel.app/_next/static/media/la-regular-400.7b67c533d41d.eot]
[edumon-nextjs.vercel.app/_next/static/media/la-regular-400.bfaaab46.woff2]
[edumon-nextjs.vercel.app/_next/static/media/la-regular-400.f45e994d.woff]
[edumon-nextjs.vercel.app/_next/static/media/la-regular-400.df0ba4ff.ttf]
[edumon-nextjs.vercel.app/_next/static/media/la-regular-400.5e18e0c4.svg]
[edumon-nextjs.vercel.app/_next/static/media/la-solid-900.215bd6ae.eot]
[edumon-nextjs.vercel.app/_next/static/media/la-solid-900.215bd6aed41d.eot]
[edumon-nextjs.vercel.app/_next/static/media/la-solid-900.8e5c796f.woff2]
[edumon-nextjs.vercel.app/_next/static/media/la-solid-900.7dd81512.woff]
[edumon-nextjs.vercel.app/_next/static/media/la-solid-900.39cc0040.ttf]
[edumon-nextjs.vercel.app/_next/static/css/40e2063ffc9166b8.css]
[edumon-nextjs.vercel.app/_next/static/media/la-solid-900.861e4bd1.svg]
[edumon-nextjs.vercel.app/_next/static/media/close.cb0ab1bf.png]
[edumon-nextjs.vercel.app/_next/static/media/ajax-loader.0b80f665.gif]
[edumon-nextjs.vercel.app/_next/static/media/slick.25572f22.eot]
[edumon-nextjs.vercel.app/_next/static/media/slick.25572f22d41d.eot]
[edumon-nextjs.vercel.app/_next/static/media/slick.653a4cbb.woff]
[edumon-nextjs.vercel.app/_next/static/media/slick.6aa1ee46.ttf]
[edumon-nextjs.vercel.app/_next/static/css/84d6d05f95d6292c.css]
[edumon-nextjs.vercel.app/_next/static/css/59831310a7795ea0.css]
[edumon-nextjs.vercel.app/_next/static/css/cc6cbf47a7d40733.css]
[edumon-nextjs.vercel.app/_next/static/css/455380e8d74e6160.css]
[edumon-nextjs.vercel.app/_next/static/media/slick.f895cfdf.svg]
[edumon-nextjs.vercel.app/_next/static/media/themify.05048044.eot]
[edumon-nextjs.vercel.app/_next/static/media/themify.05048044d41d.eot]
[edumon-nextjs.vercel.app/_next/static/media/themify.58ecddba.woff]
[edumon-nextjs.vercel.app/_next/static/media/themify.6cb5a30a.ttf]
[edumon-nextjs.vercel.app/_next/static/css/eca7b47e9a0364e6.css]
[edumon-nextjs.vercel.app/_next/static/media/themify.521461b2.svg]
[edumon-nextjs.vercel.app/_next/static/media/fa-regular-400.3580b4a9.woff2]
[edumon-nextjs.vercel.app/_next/static/media/fa-regular-400.67a0fb74.ttf]
[edumon-nextjs.vercel.app/_next/static/media/fa-solid-900.fd0b155c.woff2]
[edumon-nextjs.vercel.app/_next/static/media/fa-solid-900.6a8db53d.ttf]
[edumon-nextjs.vercel.app/_next/static/media/fa-brands-400.b6033b54.woff2]
[edumon-nextjs.vercel.app/_next/static/media/fa-brands-400.9a905705.ttf]
[edumon-nextjs.vercel.app/_next/static/media/fa-v4compatibility.65fc685f.woff2]
[edumon-nextjs.vercel.app/_next/static/css/53aa407c9ba667df.css]
[edumon-nextjs.vercel.app/_next/static/media/fa-v4compatibility.e4efb16c.ttf]
[edumon-nextjs.vercel.app/_next/static/media/search-2.de644223.svg]
[edumon-nextjs.vercel.app/_next/static/media/working-arrow.28faa344.svg]
[edumon-nextjs.vercel.app/_next/static/css/3f1d1fd199a1839b.css]
[edumon-nextjs.vercel.app/assets/img/partners/1.svg]
[edumon-nextjs.vercel.app/assets/img/partners/2.svg]
[edumon-nextjs.vercel.app/assets/img/partners/3.svg]
[edumon-nextjs.vercel.app/assets/img/partners/4.svg]
[edumon-nextjs.vercel.app/assets/img/partners/5.svg]
[edumon-nextjs.vercel.app/assets/img/footer-logo.svg]
[edumon-nextjs.vercel.app/index.html]
[edumon-nextjs.vercel.app/_next/static/media/check.2926c07f.svg]
[edumon-nextjs.vercel.app/assets/img/banner-2.png]
[edumon-nextjs.vercel.app/assets/img/partners/dark/1.svg]
[edumon-nextjs.vercel.app/assets/img/partners/dark/2.svg]
[edumon-nextjs.vercel.app/assets/img/partners/dark/3.svg]
[edumon-nextjs.vercel.app/assets/img/partners/dark/4.svg]
[edumon-nextjs.vercel.app/assets/img/partners/dark/5.svg]
[edumon-nextjs.vercel.app/_next/static/chunks/447-6b1cc9fbbdfd2dd4.js]
[edumon-nextjs.vercel.app/_next/static/chunks/app/home-2/page-9891133f3a2661fd.js]
[edumon-nextjs.vercel.app/assets/img/faq.jpg]
[edumon-nextjs.vercel.app/assets/img/cta/1.png]
[edumon-nextjs.vercel.app/assets/img/cta/2.png]
[edumon-nextjs.vercel.app/assets/img/bg/banner.jpg]
[edumon-nextjs.vercel.app/home-2.html]
[edumon-nextjs.vercel.app/_next/static/chunks/app/courses/page-d3df08a0a5286711.js]
[edumon-nextjs.vercel.app/assets/img/courses/5.jpg]
[edumon-nextjs.vercel.app/assets/img/courses/6.jpg]
[edumon-nextjs.vercel.app/courses.html]
[edumon-nextjs.vercel.app/_next/static/chunks/app/courses-2/page-b0a3b580b551ecee.js]
[edumon-nextjs.vercel.app/courses-2.html]
[edumon-nextjs.vercel.app/assets/img/courses/cdetails.jpg]
[edumon-nextjs.vercel.app/assets/img/instructor.jpg]
[edumon-nextjs.vercel.app/assets/img/courses/cd2.jpg]
[edumon-nextjs.vercel.app/course-details.html]
[edumon-nextjs.vercel.app/_next/static/chunks/app/course-details/page-a641fd2b68bd96d6.js]
[edumon-nextjs.vercel.app/_next/static/chunks/app/grid-blog/page-7b3d894568e6e9d3.js]
[edumon-nextjs.vercel.app/grid-blog.html]
[edumon-nextjs.vercel.app/_next/static/chunks/app/standard-blog/page-09a35d367728ea51.js]
[edumon-nextjs.vercel.app/standard-blog.html]
[edumon-nextjs.vercel.app/assets/img/blog/bdetails.jpg]
[edumon-nextjs.vercel.app/blog-details.html]
[edumon-nextjs.vercel.app/_next/static/chunks/app/blog-details/page-f01a685cd83e523a.js]
[edumon-nextjs.vercel.app/_next/static/chunks/app/cart/page-a25b1360f03e8342.js]
[edumon-nextjs.vercel.app/cart.html]
[edumon-nextjs.vercel.app/_next/static/chunks/app/checkout/page-730ac20a909b1c74.js]
[edumon-nextjs.vercel.app/checkout.html]
[edumon-nextjs.vercel.app/_next/static/chunks/app/login/page-e4d84c09b1bb422f.js]
[edumon-nextjs.vercel.app/login.html]
[edumon-nextjs.vercel.app/_next/static/chunks/app/register/page-ba4f86f3f3ab0cf6.js]
[edumon-nextjs.vercel.app/register.html]
[edumon-nextjs.vercel.app/_next/static/chunks/app/about/page-ff75331f990f27e7.js]
[edumon-nextjs.vercel.app/about.html]
[edumon-nextjs.vercel.app/_next/static/chunks/app/instructors/page-4d030896d761f9be.js]
[edumon-nextjs.vercel.app/instructors.html]
[edumon-nextjs.vercel.app/erorr.html]
[edumon-nextjs.vercel.app/assets/img/404.svg]
[edumon-nextjs.vercel.app/assets/img/contact.jpg]
[edumon-nextjs.vercel.app/_next/static/chunks/app/contact/page-5c2fae0f31aed912.js]
[edumon-nextjs.vercel.app/contact.html]
[edumon-nextjs.vercel.app/course-details-2.html]
[edumon-nextjs.vercel.app/cart-2.html]
[edumon-nextjs.vercel.app/checkout-2.html]
[edumon-nextjs.vercel.app/_next/static/media/la-brands-400.76d3b8a5.svg]
[edumon-nextjs.vercel.app/_next/static/media/la-regular-400.5e18e0c4.svg]
[edumon-nextjs.vercel.app/_next/static/media/la-solid-900.861e4bd1.svg]
[edumon-nextjs.vercel.app/_next/static/media/slick.f895cfdf.svg]
[edumon-nextjs.vercel.app/_next/static/media/themify.521461b2.svg]
[edumon-nextjs.vercel.app/_next/static/media/header.d7ba75c1.svg]
[edumon-nextjs.vercel.app/_next/static/media/search-2.de644223.svg]
[edumon-nextjs.vercel.app/_next/static/media/working-arrow.28faa344.svg]
[edumon-nextjs.vercel.app/_next/static/media/talent-shape.d751b727.svg]
[edumon-nextjs.vercel.app/_next/static/media/video.18698109.svg]
[edumon-nextjs.vercel.app/_next/static/media/footer-title.a6c45011.svg]
[edumon-nextjs.vercel.app/_next/static/media/check.2926c07f.svg]
[edumon-nextjs.vercel.app/assets/img/partners/dark/1.svg]
[edumon-nextjs.vercel.app/assets/img/partners/dark/2.svg]
[edumon-nextjs.vercel.app/assets/img/partners/dark/3.svg]
[edumon-nextjs.vercel.app/assets/img/partners/dark/4.svg]
[edumon-nextjs.vercel.app/assets/img/partners/dark/5.svg]
[edumon-nextjs.vercel.app/assets/img/404.svg]
[via.placeholder.com/80x80.jpg]
